[     106ms] [WARNING] [Vue warn] Set operation on key "brushBlocks" failed: target is readonly. ComputedRefImpl @ http://localhost:5180/node_modules/.vite/deps/vue.runtime.esm-bundler-C6sZGmPl.js?v=9dce0d7d:236
[     106ms] [WARNING] [Vue warn] Set operation on key "selectBlocks" failed: target is readonly. ComputedRefImpl @ http://localhost:5180/node_modules/.vite/deps/vue.runtime.esm-bundler-C6sZGmPl.js?v=9dce0d7d:236
[   25046ms] [WARNING] [Vue warn]: Unhandled error during execution of created hook 
  at <BrushPreview onInputtingbrush=fn<bound inputtingbrush> y-offset=0 > 
  at <Dashboard> @ http://localhost:5180/node_modules/.vite/deps/vue.runtime.esm-bundler-C6sZGmPl.js?v=9dce0d7d:1752
[   25046ms] [WARNING] [Vue warn]: Unhandled error during execution of component update 
  at <Dashboard> @ http://localhost:5180/node_modules/.vite/deps/vue.runtime.esm-bundler-C6sZGmPl.js?v=9dce0d7d:1752
[   25051ms] [WARNING] [Vue warn]: Unhandled error during execution of component update 
  at <Dashboard> @ http://localhost:5180/node_modules/.vite/deps/vue.runtime.esm-bundler-C6sZGmPl.js?v=9dce0d7d:1752
[   25060ms] TypeError: instance.update is not a function
    at updateComponent (http://localhost:5180/node_modules/.vite/deps/vue.runtime.esm-bundler-C6sZGmPl.js?v=9dce0d7d:5532:13)
    at processComponent (http://localhost:5180/node_modules/.vite/deps/vue.runtime.esm-bundler-C6sZGmPl.js?v=9dce0d7d:5500:8)
    at patch (http://localhost:5180/node_modules/.vite/deps/vue.runtime.esm-bundler-C6sZGmPl.js?v=9dce0d7d:5294:28)
    at patchBlockChildren (http://localhost:5180/node_modules/.vite/deps/vue.runtime.esm-bundler-C6sZGmPl.js?v=9dce0d7d:5460:4)
    at processFragment (http://localhost:5180/node_modules/.vite/deps/vue.runtime.esm-bundler-C6sZGmPl.js?v=9dce0d7d:5492:4)
    at patch (http://localhost:5180/node_modules/.vite/deps/vue.runtime.esm-bundler-C6sZGmPl.js?v=9dce0d7d:5291:5)
    at patchBlockChildren (http://localhost:5180/node_modules/.vite/deps/vue.runtime.esm-bundler-C6sZGmPl.js?v=9dce0d7d:5460:4)
    at patchElement (http://localhost:5180/node_modules/.vite/deps/vue.runtime.esm-bundler-C6sZGmPl.js?v=9dce0d7d:5427:4)
    at processElement (http://localhost:5180/node_modules/.vite/deps/vue.runtime.esm-bundler-C6sZGmPl.js?v=9dce0d7d:5352:5)
    at patch (http://localhost:5180/node_modules/.vite/deps/vue.runtime.esm-bundler-C6sZGmPl.js?v=9dce0d7d:5293:32)
[  222602ms] [WARNING] [Vue warn] Set operation on key "selectBlocks" failed: target is readonly. ComputedRefImpl @ http://localhost:5180/node_modules/.vite/deps/vue.runtime.esm-bundler-C6sZGmPl.js?v=9dce0d7d:236
[  222623ms] [WARNING] [Vue warn]: Unhandled error during execution of created hook 
  at <BrushPreview onInputtingbrush=fn<bound inputtingbrush> y-offset=0 > 
  at <Dashboard> @ http://localhost:5180/node_modules/.vite/deps/vue.runtime.esm-bundler-C6sZGmPl.js?v=9dce0d7d:1752
[  222626ms] TypeError: this.store.brushBlocks is not a function
    at Proxy.createBlocks (http://localhost:5180/src/components/parts/BrushPreview.vue?t=1778352357781:375:18)
    at Proxy.created (http://localhost:5180/src/components/parts/BrushPreview.vue?t=1778352357781:23:12)
    at callWithErrorHandling (http://localhost:5180/node_modules/.vite/deps/vue.runtime.esm-bundler-C6sZGmPl.js?v=9dce0d7d:1890:31)
    at callWithAsyncErrorHandling (http://localhost:5180/node_modules/.vite/deps/vue.runtime.esm-bundler-C6sZGmPl.js?v=9dce0d7d:1897:15)
    at callHook$1 (http://localhost:5180/node_modules/.vite/deps/vue.runtime.esm-bundler-C6sZGmPl.js?v=9dce0d7d:4324:2)
    at applyOptions (http://localhost:5180/node_modules/.vite/deps/vue.runtime.esm-bundler-C6sZGmPl.js?v=9dce0d7d:4270:15)
    at finishComponentSetup (http://localhost:5180/node_modules/.vite/deps/vue.runtime.esm-bundler-C6sZGmPl.js?v=9dce0d7d:6800:4)
    at handleSetupResult (http://localhost:5180/node_modules/.vite/deps/vue.runtime.esm-bundler-C6sZGmPl.js?v=9dce0d7d:6765:2)
    at setupStatefulComponent (http://localhost:5180/node_modules/.vite/deps/vue.runtime.esm-bundler-C6sZGmPl.js?v=9dce0d7d:6753:10)
    at setupComponent (http://localhost:5180/node_modules/.vite/deps/vue.runtime.esm-bundler-C6sZGmPl.js?v=9dce0d7d:6713:35)
[  228152ms] [WARNING] [Vue warn]: Unhandled error during execution of created hook 
  at <BrushPreview onInputtingbrush=fn<bound inputtingbrush> y-offset=0 > 
  at <Dashboard> @ http://localhost:5180/node_modules/.vite/deps/vue.runtime.esm-bundler-C6sZGmPl.js?v=9dce0d7d:1752
[  228155ms] TypeError: this.store.brushBlocks is not a function
    at Proxy.createBlocks (http://localhost:5180/src/components/parts/BrushPreview.vue?t=1778352363326:375:18)
    at Proxy.created (http://localhost:5180/src/components/parts/BrushPreview.vue?t=1778352363326:23:12)
    at callWithErrorHandling (http://localhost:5180/node_modules/.vite/deps/vue.runtime.esm-bundler-C6sZGmPl.js?v=9dce0d7d:1890:31)
    at callWithAsyncErrorHandling (http://localhost:5180/node_modules/.vite/deps/vue.runtime.esm-bundler-C6sZGmPl.js?v=9dce0d7d:1897:15)
    at callHook$1 (http://localhost:5180/node_modules/.vite/deps/vue.runtime.esm-bundler-C6sZGmPl.js?v=9dce0d7d:4324:2)
    at applyOptions (http://localhost:5180/node_modules/.vite/deps/vue.runtime.esm-bundler-C6sZGmPl.js?v=9dce0d7d:4270:15)
    at finishComponentSetup (http://localhost:5180/node_modules/.vite/deps/vue.runtime.esm-bundler-C6sZGmPl.js?v=9dce0d7d:6800:4)
    at handleSetupResult (http://localhost:5180/node_modules/.vite/deps/vue.runtime.esm-bundler-C6sZGmPl.js?v=9dce0d7d:6765:2)
    at setupStatefulComponent (http://localhost:5180/node_modules/.vite/deps/vue.runtime.esm-bundler-C6sZGmPl.js?v=9dce0d7d:6753:10)
    at setupComponent (http://localhost:5180/node_modules/.vite/deps/vue.runtime.esm-bundler-C6sZGmPl.js?v=9dce0d7d:6713:35)
[  233552ms] [WARNING] [Vue warn]: Unhandled error during execution of scheduler flush 
  at <BrushPreview onInputtingbrush=fn<bound inputtingbrush> y-offset=0 > 
  at <Dashboard> @ http://localhost:5180/node_modules/.vite/deps/vue.runtime.esm-bundler-C6sZGmPl.js?v=9dce0d7d:1752
[  233555ms] TypeError: Cannot read properties of null (reading 'flags')
    at http://localhost:5180/node_modules/.vite/deps/vue.runtime.esm-bundler-C6sZGmPl.js?v=9dce0d7d:2142:23
    at callWithErrorHandling (http://localhost:5180/node_modules/.vite/deps/vue.runtime.esm-bundler-C6sZGmPl.js?v=9dce0d7d:1890:31)
    at flushJobs (http://localhost:5180/node_modules/.vite/deps/vue.runtime.esm-bundler-C6sZGmPl.js?v=9dce0d7d:2039:5)
[  245549ms] [WARNING] [Vue warn]: Failed to resolve component: vue-draggable-resizable
If this is a native custom element, make sure to exclude it from component resolution via compilerOptions.isCustomElement. 
  at <CharPicker class="z-50" y-offset=0 > 
  at <Dashboard> @ http://localhost:5180/node_modules/.vite/deps/vue.runtime.esm-bundler-C6sZGmPl.js?v=9dce0d7d:1752
