[    1178ms] [WARNING] [Vue warn] Set operation on key "persistCharPanel" failed: target is readonly. ComputedRefImpl @ http://localhost:5180/node_modules/.vite/deps/vue.runtime.esm-bundler-C6sZGmPl.js?v=9dce0d7d:236
[    1178ms] [WARNING] [Vue warn] Set operation on key "brushBlocks" failed: target is readonly. ComputedRefImpl @ http://localhost:5180/node_modules/.vite/deps/vue.runtime.esm-bundler-C6sZGmPl.js?v=9dce0d7d:236
[    1178ms] [WARNING] [Vue warn] Set operation on key "selectBlocks" failed: target is readonly. ComputedRefImpl @ http://localhost:5180/node_modules/.vite/deps/vue.runtime.esm-bundler-C6sZGmPl.js?v=9dce0d7d:236
[    1200ms] [WARNING] [Vue warn]: Unhandled error during execution of created hook 
  at <KeyboardShortcuts selected-blocks= [] selecting= {startX: null, startY: null, endX: null, endY: null, canSelect: false} onUpdatecanvas=fn<bound updatecanvas>  ... > 
  at <Dashboard> @ http://localhost:5180/node_modules/.vite/deps/vue.runtime.esm-bundler-C6sZGmPl.js?v=9dce0d7d:1752
[    1205ms] ReferenceError: hotkeys is not defined
    at Proxy.created (http://localhost:5180/src/components/parts/KeyboardShortcuts.vue:14:5)
    at callWithErrorHandling (http://localhost:5180/node_modules/.vite/deps/vue.runtime.esm-bundler-C6sZGmPl.js?v=9dce0d7d:1890:31)
    at callWithAsyncErrorHandling (http://localhost:5180/node_modules/.vite/deps/vue.runtime.esm-bundler-C6sZGmPl.js?v=9dce0d7d:1897:15)
    at callHook$1 (http://localhost:5180/node_modules/.vite/deps/vue.runtime.esm-bundler-C6sZGmPl.js?v=9dce0d7d:4324:2)
    at applyOptions (http://localhost:5180/node_modules/.vite/deps/vue.runtime.esm-bundler-C6sZGmPl.js?v=9dce0d7d:4270:15)
    at finishComponentSetup (http://localhost:5180/node_modules/.vite/deps/vue.runtime.esm-bundler-C6sZGmPl.js?v=9dce0d7d:6800:4)
    at handleSetupResult (http://localhost:5180/node_modules/.vite/deps/vue.runtime.esm-bundler-C6sZGmPl.js?v=9dce0d7d:6765:2)
    at setupStatefulComponent (http://localhost:5180/node_modules/.vite/deps/vue.runtime.esm-bundler-C6sZGmPl.js?v=9dce0d7d:6753:10)
    at setupComponent (http://localhost:5180/node_modules/.vite/deps/vue.runtime.esm-bundler-C6sZGmPl.js?v=9dce0d7d:6713:35)
    at mountComponent (http://localhost:5180/node_modules/.vite/deps/vue.runtime.esm-bundler-C6sZGmPl.js?v=9dce0d7d:5509:3)
[   44626ms] [WARNING] [Vue warn]: Unhandled error during execution of scheduler flush 
  at <KeyboardShortcuts selected-blocks= [] selecting= {startX: null, startY: null, endX: null, endY: null, canSelect: false} onUpdatecanvas=fn<bound updatecanvas>  ... > 
  at <Dashboard> @ http://localhost:5180/node_modules/.vite/deps/vue.runtime.esm-bundler-C6sZGmPl.js?v=9dce0d7d:1752
[   44629ms] TypeError: Cannot read properties of null (reading 'flags')
    at http://localhost:5180/node_modules/.vite/deps/vue.runtime.esm-bundler-C6sZGmPl.js?v=9dce0d7d:2142:23
    at callWithErrorHandling (http://localhost:5180/node_modules/.vite/deps/vue.runtime.esm-bundler-C6sZGmPl.js?v=9dce0d7d:1890:31)
    at flushJobs (http://localhost:5180/node_modules/.vite/deps/vue.runtime.esm-bundler-C6sZGmPl.js?v=9dce0d7d:2039:5)
